[local_eval] gptq_marlin + --dtype bfloat16 detected; SKIPPING fp16 sed-patch (mirrors v5j_dtype_bf16+ variants' prepare_env.sh behavior)
==================================================
 local_eval
==================================================
 variant:      submission_gptqmodel_no_fp16_patch_dtype_bf16_chunk65k_safe
 source model: /root/autodl-fs/models/OpenBMB/MiniCPM-SALA
 quant cache:  /root/autodl-fs/zyn/models/submission_gptqmodel_no_fp16_patch_dtype_bf16_chunk65k_safe-quantized
 eval script:  /root/autodl-fs/zyn/soar_toolkit/eval_model.py
 eval data:    /root/autodl-fs/zyn/soar_toolkit/perf_public_set.jsonl
 samples:      30 (concurrency=32)
 sglang args:  --disable-radix-cache --attention-backend minicpm_flashinfer --chunked-prefill-size 65536 --max-prefill-tokens 65536 --mem-fraction-static 0.70 --skip-server-warmup --dense-as-sparse --quantization gptq_marlin --dtype bfloat16
==================================================
[1/3] quantize: CACHED at /root/autodl-fs/zyn/models/submission_gptqmodel_no_fp16_patch_dtype_bf16_chunk65k_safe-quantized (use --force-requant to rebuild)
  ✓ eval artifacts ready
[3/3] launching sglang server...
  waiting for /health (max 1800s, log: /root/autodl-tmp/zyn/sglang/scripts/logs/local_eval_server_submission_gptqmodel_no_fp16_patch_dtype_bf16_chunk65k_safe_1779629102.log)...
  ✓ server up after 51s
  running eval_model.py...
2026-05-24 21:25:57,540 - SGLANG_INFERENCE - INFO - mid truncation: max_out_len=65536, max_seq_len=262144, max_prompt_len=128000
2026-05-24 21:25:58,210 - SGLANG_INFERENCE - INFO - SGLang sampling kwargs: {'temperature': 0.0, 'max_tokens': 65536, 'stop': ['</s>', '<|im_end|>']}
Auto-detected model name: /root/autodl-fs/zyn/models/submission_gptqmodel_no_fp16_patch_dtype_bf16_chunk65k_safe-quantized
API Base: http://127.0.0.1:31111
Model Name: /root/autodl-fs/zyn/models/submission_gptqmodel_no_fp16_patch_dtype_bf16_chunk65k_safe-quantized
Model Path: /root/autodl-fs/zyn/models/submission_gptqmodel_no_fp16_patch_dtype_bf16_chunk65k_safe-quantized
Data Path: /root/autodl-fs/zyn/soar_toolkit/perf_public_set.jsonl
Saving results to outputs/20260524_212554
Testing with 30 samples.
Initializing model client...
Generating responses...
  Sending 30 requests to SGLang API (concurrency=32)...
Generating:   0%|          | 0/30 [00:00<?, ?it/s]2026-05-24 21:26:45,090 - SGLANG_INFERENCE - ERROR - Request failed: ('Connection aborted.', RemoteDisconnected('Remote end closed connection without response'))
2026-05-24 21:26:45,090 - SGLANG_INFERENCE - ERROR - Request failed: ('Connection aborted.', RemoteDisconnected('Remote end closed connection without response'))
Generating:   3%|▎         | 1/30 [00:46<22:37, 46.80s/it]2026-05-24 21:26:45,091 - SGLANG_INFERENCE - ERROR - Request failed: ('Connection aborted.', RemoteDisconnected('Remote end closed connection without response'))
2026-05-24 21:26:45,091 - SGLANG_INFERENCE - ERROR - Request failed: ('Connection aborted.', RemoteDisconnected('Remote end closed connection without response'))
2026-05-24 21:26:45,091 - SGLANG_INFERENCE - ERROR - Request failed: ('Connection aborted.', RemoteDisconnected('Remote end closed connection without response'))
2026-05-24 21:26:45,091 - SGLANG_INFERENCE - ERROR - Request failed: ('Connection aborted.', RemoteDisconnected('Remote end closed connection without response'))
2026-05-24 21:26:45,091 - SGLANG_INFERENCE - ERROR - Request failed: ('Connection aborted.', RemoteDisconnected('Remote end closed connection without response'))
2026-05-24 21:26:45,091 - SGLANG_INFERENCE - ERROR - Request failed: ('Connection aborted.', RemoteDisconnected('Remote end closed connection without response'))
2026-05-24 21:26:45,092 - SGLANG_INFERENCE - ERROR - Request failed: ('Connection aborted.', RemoteDisconnected('Remote end closed connection without response'))
2026-05-24 21:26:45,092 - SGLANG_INFERENCE - ERROR - Request failed: ('Connection aborted.', RemoteDisconnected('Remote end closed connection without response'))
2026-05-24 21:26:45,092 - SGLANG_INFERENCE - ERROR - Request failed: ('Connection aborted.', RemoteDisconnected('Remote end closed connection without response'))
2026-05-24 21:26:45,092 - SGLANG_INFERENCE - ERROR - Request failed: ('Connection aborted.', RemoteDisconnected('Remote end closed connection without response'))
2026-05-24 21:26:45,092 - SGLANG_INFERENCE - ERROR - Request failed: ('Connection aborted.', RemoteDisconnected('Remote end closed connection without response'))
2026-05-24 21:26:45,092 - SGLANG_INFERENCE - ERROR - Request failed: ('Connection aborted.', RemoteDisconnected('Remote end closed connection without response'))
2026-05-24 21:26:45,092 - SGLANG_INFERENCE - ERROR - Request failed: ('Connection aborted.', RemoteDisconnected('Remote end closed connection without response'))
2026-05-24 21:26:45,093 - SGLANG_INFERENCE - ERROR - Request failed: ('Connection aborted.', RemoteDisconnected('Remote end closed connection without response'))
2026-05-24 21:26:45,093 - SGLANG_INFERENCE - ERROR - Request failed: ('Connection aborted.', RemoteDisconnected('Remote end closed connection without response'))
2026-05-24 21:26:45,093 - SGLANG_INFERENCE - ERROR - Request failed: ('Connection aborted.', RemoteDisconnected('Remote end closed connection without response'))
2026-05-24 21:26:45,093 - SGLANG_INFERENCE - ERROR - Request failed: ('Connection aborted.', RemoteDisconnected('Remote end closed connection without response'))
2026-05-24 21:26:45,093 - SGLANG_INFERENCE - ERROR - Request failed: ('Connection aborted.', RemoteDisconnected('Remote end closed connection without response'))
2026-05-24 21:26:45,093 - SGLANG_INFERENCE - ERROR - Request failed: ('Connection aborted.', RemoteDisconnected('Remote end closed connection without response'))
2026-05-24 21:26:45,093 - SGLANG_INFERENCE - ERROR - Request failed: ('Connection aborted.', RemoteDisconnected('Remote end closed connection without response'))
2026-05-24 21:26:45,093 - SGLANG_INFERENCE - ERROR - Request failed: ('Connection aborted.', RemoteDisconnected('Remote end closed connection without response'))
2026-05-24 21:26:45,094 - SGLANG_INFERENCE - ERROR - Request failed: ('Connection aborted.', RemoteDisconnected('Remote end closed connection without response'))
2026-05-24 21:26:45,094 - SGLANG_INFERENCE - ERROR - Request failed: ('Connection aborted.', RemoteDisconnected('Remote end closed connection without response'))
2026-05-24 21:26:45,094 - SGLANG_INFERENCE - ERROR - Request failed: ('Connection aborted.', RemoteDisconnected('Remote end closed connection without response'))
2026-05-24 21:26:45,094 - SGLANG_INFERENCE - ERROR - Request failed: ('Connection aborted.', RemoteDisconnected('Remote end closed connection without response'))
2026-05-24 21:26:45,094 - SGLANG_INFERENCE - ERROR - Request failed: ('Connection aborted.', RemoteDisconnected('Remote end closed connection without response'))
2026-05-24 21:26:45,094 - SGLANG_INFERENCE - ERROR - Request failed: ('Connection aborted.', RemoteDisconnected('Remote end closed connection without response'))
2026-05-24 21:26:45,095 - SGLANG_INFERENCE - ERROR - Request failed: ('Connection aborted.', RemoteDisconnected('Remote end closed connection without response'))
Generating: 100%|██████████| 30/30 [00:46<00:00,  1.56s/it]
2026-05-24 21:26:45,098 - SGLANG_INFERENCE - INFO - Processing time: 46.89s

Generation completed in 47.58 seconds

--- Evaluation Results ---

Average Score: 0.00%
Total Duration: 47.58 s
Total Tokens: In=712568, Out=300
Average Tokens/Sample: In=23752.3, Out=10.0
Overall TPS (Output): 6.30 tokens/s
Detailed results saved to outputs/20260524_212554/predictions.jsonl
/root/autodl-tmp/zyn/sglang/scripts/local_eval.sh: line 298: 25871 Killed                  python3 -m sglang.launch_server --model-path "${QUANT_OUT}" --trust-remote-code --port "${PORT}" --tp-size 1 --max-running-requests 32 --enable-metrics ${SGLANG_SERVER_ARGS} > "${SERVER_LOG}" 2>&1
==================================================
 RESULT
   acc_ori (raw on dataset):  0.00
   overall_accuracy (vs 80):  0.00
   total wall clock:          104s
==================================================
 >> Pass platform correctness gate? 
    ❌ NO (acc_ori < 80) — would score 0 on the platform; keep iterating
==================================================
 server log:  /root/autodl-tmp/zyn/sglang/scripts/logs/local_eval_server_submission_gptqmodel_no_fp16_patch_dtype_bf16_chunk65k_safe_1779629102.log
 eval log:    /root/autodl-tmp/zyn/sglang/scripts/logs/local_eval_eval_submission_gptqmodel_no_fp16_patch_dtype_bf16_chunk65k_safe_1779629102.log
 results csv: /root/autodl-tmp/zyn/sglang/scripts/eval_results.csv
